
> my-project@0.1.0 build
> next build

Ôû▓ Next.js 16.1.6 (Turbopack)
- Environments: .env.local

  Creating an optimized production build ...
node.exe : 
No linha:1 caractere:1
+ & "C:\Program Files\nodejs/node.exe" "C:\Program Files\nodejs/node_mo ...
+ ~~~~~~~~~~~~~~~~~~~~~~~~~~~~~~~~~~~~~~~~~~~~~~~~~~~~~~~~~~~~~~~~~~~~~
    + CategoryInfo          : NotSpecified: (:String) [], RemoteException
    + FullyQualifiedErrorId : NativeCommandError
 
> Build error occurred
Error: Turbopack build failed with 12 errors:
./components/admin/tabs/AssessmentsTab.tsx:13:1
Export printAnswerKeyPDF doesn't exist in target module
[0m [90m 11 |[39m } [36mfrom[39m [32m"@/components/ui/alert-dialog"[39m
 [90m 12 |[39m [36mimport[39m { type [33mAssessment[39m[33m,[39m type 
[33mStudentSubmission[39m[33m,[39m type [33mQuestion[39m[33m,[39m type 
[33mDiscipline[39m[33m,[39m updateAssessment[33m,[39m deleteAssessment } 
[36mfrom[39m [32m"@/lib/store"[39m
[31m[1m>[22m[39m[90m 13 |[39m [36mimport[39m { printBlankAssessmentPDF[33m,[39m 
printAnswerKeyPDF } [36mfrom[39m [32m"@/lib/pdf"[39m
 [90m    |[39m [31m[1m^[22m[39m[31m[1m^[22m[39m[31m[1m^[22m[39m[31m[1m^[22m
[39m[31m[1m^[22m[39m[31m[1m^[22m[39m[31m[1m^[22m[39m[31m[1m^[22m[39m[31m[
1m^[22m[39m[31m[1m^[22m[39m[31m[1m^[22m[39m[31m[1m^[22m[39m[31m[1m^[22m[39
m[31m[1m^[22m[39m[31m[1m^[22m[39m[31m[1m^[22m[39m[31m[1m^[22m[39m[31m[1m^
[22m[39m[31m[1m^[22m[39m[31m[1m^[22m[39m[31m[1m^[22m[39m[31m[1m^[22m[39m[3
1m[1m^[22m[39m[31m[1m^[22m[39m[31m[1m^[22m[39m[31m[1m^[22m[39m[31m[1m^[22m
[39m[31m[1m^[22m[39m[31m[1m^[22m[39m[31m[1m^[22m[39m[31m[1m^[22m[39m[31m[
1m^[22m[39m[31m[1m^[22m[39m[31m[1m^[22m[39m[31m[1m^[22m[39m[31m[1m^[22m[39
m[31m[1m^[22m[39m[31m[1m^[22m[39m[31m[1m^[22m[39m[31m[1m^[22m[39m[31m[1m^
[22m[39m[31m[1m^[22m[39m[31m[1m^[22m[39m[31m[1m^[22m[39m[31m[1m^[22m[39m[3
1m[1m^[22m[39m[31m[1m^[22m[39m[31m[1m^[22m[39m[31m[1m^[22m[39m[31m[1m^[22m
[39m[31m[1m^[22m[39m[31m[1m^[22m[39m[31m[1m^[22m[39m[31m[1m^[22m[39m[31m[
1m^[22m[39m[31m[1m^[22m[39m[31m[1m^[22m[39m[31m[1m^[22m[39m[31m[1m^[22m[39
m[31m[1m^[22m[39m[31m[1m^[22m[39m[31m[1m^[22m[39m[31m[1m^[22m[39m[31m[1m^
[22m[39m[31m[1m^[22m[39m[31m[1m^[22m[39m[31m[1m^[22m[39m[31m[1m^[22m[39m[3
1m[1m^[22m[39m[31m[1m^[22m[39m
 [90m 14 |[39m [36mimport[39m { [33mErrorBoundary[39m } [36mfrom[39m 
[32m"@/components/error-boundary"[39m
 [90m 15 |[39m [36mimport[39m { [33mAssessmentBuilder[39m } [36mfrom[39m 
[32m"@/components/assessment-builder"[39m
 [90m 16 |[39m [36mimport[39m { cn } [36mfrom[39m [32m"@/lib/utils"[39m[0m

The export printAnswerKeyPDF was not found in module [project]/lib/pdf.ts [app-client] 
(ecmascript).
Did you mean to import printReceiptPDF?
All exports of the module are statically known (It doesn't have dynamic exports). So it's 
known statically that the requested export doesn't exist.

Import traces:
  Client Component Browser:
    ./components/admin/tabs/AssessmentsTab.tsx [Client Component Browser]
    ./components/admin-dashboard.tsx [Client Component Browser]
    ./app/page.tsx [Client Component Browser]
    ./app/page.tsx [Server Component]

  Client Component SSR:
    ./components/admin/tabs/AssessmentsTab.tsx [Client Component SSR]
    ./components/admin-dashboard.tsx [Client Component SSR]
    ./app/page.tsx [Client Component SSR]
    ./app/page.tsx [Server Component]


./components/admin/tabs/AssessmentsTab.tsx:13:1
Export printAnswerKeyPDF doesn't exist in target module
[0m [90m 11 |[39m } [36mfrom[39m [32m"@/components/ui/alert-dialog"[39m
 [90m 12 |[39m [36mimport[39m { type [33mAssessment[39m[33m,[39m type 
[33mStudentSubmission[39m[33m,[39m type [33mQuestion[39m[33m,[39m type 
[33mDiscipline[39m[33m,[39m updateAssessment[33m,[39m deleteAssessment } 
[36mfrom[39m [32m"@/lib/store"[39m
[31m[1m>[22m[39m[90m 13 |[39m [36mimport[39m { printBlankAssessmentPDF[33m,[39m 
printAnswerKeyPDF } [36mfrom[39m [32m"@/lib/pdf"[39m
 [90m    |[39m [31m[1m^[22m[39m[31m[1m^[22m[39m[31m[1m^[22m[39m[31m[1m^[22m
[39m[31m[1m^[22m[39m[31m[1m^[22m[39m[31m[1m^[22m[39m[31m[1m^[22m[39m[31m[
1m^[22m[39m[31m[1m^[22m[39m[31m[1m^[22m[39m[31m[1m^[22m[39m[31m[1m^[22m[39
m[31m[1m^[22m[39m[31m[1m^[22m[39m[31m[1m^[22m[39m[31m[1m^[22m[39m[31m[1m^
[22m[39m[31m[1m^[22m[39m[31m[1m^[22m[39m[31m[1m^[22m[39m[31m[1m^[22m[39m[3
1m[1m^[22m[39m[31m[1m^[22m[39m[31m[1m^[22m[39m[31m[1m^[22m[39m[31m[1m^[22m
[39m[31m[1m^[22m[39m[31m[1m^[22m[39m[31m[1m^[22m[39m[31m[1m^[22m[39m[31m[
1m^[22m[39m[31m[1m^[22m[39m[31m[1m^[22m[39m[31m[1m^[22m[39m[31m[1m^[22m[39
m[31m[1m^[22m[39m[31m[1m^[22m[39m[31m[1m^[22m[39m[31m[1m^[22m[39m[31m[1m^
[22m[39m[31m[1m^[22m[39m[31m[1m^[22m[39m[31m[1m^[22m[39m[31m[1m^[22m[39m[3
1m[1m^[22m[39m[31m[1m^[22m[39m[31m[1m^[22m[39m[31m[1m^[22m[39m[31m[1m^[22m
[39m[31m[1m^[22m[39m[31m[1m^[22m[39m[31m[1m^[22m[39m[31m[1m^[22m[39m[31m[
1m^[22m[39m[31m[1m^[22m[39m[31m[1m^[22m[39m[31m[1m^[22m[39m[31m[1m^[22m[39
m[31m[1m^[22m[39m[31m[1m^[22m[39m[31m[1m^[22m[39m[31m[1m^[22m[39m[31m[1m^
[22m[39m[31m[1m^[22m[39m[31m[1m^[22m[39m[31m[1m^[22m[39m[31m[1m^[22m[39m[3
1m[1m^[22m[39m[31m[1m^[22m[39m
 [90m 14 |[39m [36mimport[39m { [33mErrorBoundary[39m } [36mfrom[39m 
[32m"@/components/error-boundary"[39m
 [90m 15 |[39m [36mimport[39m { [33mAssessmentBuilder[39m } [36mfrom[39m 
[32m"@/components/assessment-builder"[39m
 [90m 16 |[39m [36mimport[39m { cn } [36mfrom[39m [32m"@/lib/utils"[39m[0m

The export printAnswerKeyPDF was not found in module [project]/lib/pdf.ts [app-ssr] 
(ecmascript).
Did you mean to import printReceiptPDF?
All exports of the module are statically known (It doesn't have dynamic exports). So it's 
known statically that the requested export doesn't exist.

Import traces:
  Client Component Browser:
    ./components/admin/tabs/AssessmentsTab.tsx [Client Component Browser]
    ./components/admin-dashboard.tsx [Client Component Browser]
    ./app/page.tsx [Client Component Browser]
    ./app/page.tsx [Server Component]

  Client Component SSR:
    ./components/admin/tabs/AssessmentsTab.tsx [Client Component SSR]
    ./components/admin-dashboard.tsx [Client Component SSR]
    ./app/page.tsx [Client Component SSR]
    ./app/page.tsx [Server Component]


./components/admin/tabs/AssessmentsTab.tsx:13:1
Export printBlankAssessmentPDF doesn't exist in target module
[0m [90m 11 |[39m } [36mfrom[39m [32m"@/components/ui/alert-dialog"[39m
 [90m 12 |[39m [36mimport[39m { type [33mAssessment[39m[33m,[39m type 
[33mStudentSubmission[39m[33m,[39m type [33mQuestion[39m[33m,[39m type 
[33mDiscipline[39m[33m,[39m updateAssessment[33m,[39m deleteAssessment } 
[36mfrom[39m [32m"@/lib/store"[39m
[31m[1m>[22m[39m[90m 13 |[39m [36mimport[39m { printBlankAssessmentPDF[33m,[39m 
printAnswerKeyPDF } [36mfrom[39m [32m"@/lib/pdf"[39m
 [90m    |[39m [31m[1m^[22m[39m[31m[1m^[22m[39m[31m[1m^[22m[39m[31m[1m^[22m
[39m[31m[1m^[22m[39m[31m[1m^[22m[39m[31m[1m^[22m[39m[31m[1m^[22m[39m[31m[
1m^[22m[39m[31m[1m^[22m[39m[31m[1m^[22m[39m[31m[1m^[22m[39m[31m[1m^[22m[39
m[31m[1m^[22m[39m[31m[1m^[22m[39m[31m[1m^[22m[39m[31m[1m^[22m[39m[31m[1m^
[22m[39m[31m[1m^[22m[39m[31m[1m^[22m[39m[31m[1m^[22m[39m[31m[1m^[22m[39m[3
1m[1m^[22m[39m[31m[1m^[22m[39m[31m[1m^[22m[39m[31m[1m^[22m[39m[31m[1m^[22m
[39m[31m[1m^[22m[39m[31m[1m^[22m[39m[31m[1m^[22m[39m[31m[1m^[22m[39m[31m[
1m^[22m[39m[31m[1m^[22m[39m[31m[1m^[22m[39m[31m[1m^[22m[39m[31m[1m^[22m[39
m[31m[1m^[22m[39m[31m[1m^[22m[39m[31m[1m^[22m[39m[31m[1m^[22m[39m[31m[1m^
[22m[39m[31m[1m^[22m[39m[31m[1m^[22m[39m[31m[1m^[22m[39m[31m[1m^[22m[39m[3
1m[1m^[22m[39m[31m[1m^[22m[39m[31m[1m^[22m[39m[31m[1m^[22m[39m[31m[1m^[22m
[39m[31m[1m^[22m[39m[31m[1m^[22m[39m[31m[1m^[22m[39m[31m[1m^[22m[39m[31m[
1m^[22m[39m[31m[1m^[22m[39m[31m[1m^[22m[39m[31m[1m^[22m[39m[31m[1m^[22m[39
m[31m[1m^[22m[39m[31m[1m^[22m[39m[31m[1m^[22m[39m[31m[1m^[22m[39m[31m[1m^
[22m[39m[31m[1m^[22m[39m[31m[1m^[22m[39m[31m[1m^[22m[39m[31m[1m^[22m[39m[3
1m[1m^[22m[39m[31m[1m^[22m[39m
 [90m 14 |[39m [36mimport[39m { [33mErrorBoundary[39m } [36mfrom[39m 
[32m"@/components/error-boundary"[39m
 [90m 15 |[39m [36mimport[39m { [33mAssessmentBuilder[39m } [36mfrom[39m 
[32m"@/components/assessment-builder"[39m
 [90m 16 |[39m [36mimport[39m { cn } [36mfrom[39m [32m"@/lib/utils"[39m[0m

The export printBlankAssessmentPDF was not found in module [project]/lib/pdf.ts 
[app-client] (ecmascript).
Did you mean to import printReceiptPDF?
All exports of the module are statically known (It doesn't have dynamic exports). So it's 
known statically that the requested export doesn't exist.

Import traces:
  Client Component Browser:
    ./components/admin/tabs/AssessmentsTab.tsx [Client Component Browser]
    ./components/admin-dashboard.tsx [Client Component Browser]
    ./app/page.tsx [Client Component Browser]
    ./app/page.tsx [Server Component]

  Client Component SSR:
    ./components/admin/tabs/AssessmentsTab.tsx [Client Component SSR]
    ./components/admin-dashboard.tsx [Client Component SSR]
    ./app/page.tsx [Client Component SSR]
    ./app/page.tsx [Server Component]


./components/admin/tabs/AssessmentsTab.tsx:13:1
Export printBlankAssessmentPDF doesn't exist in target module
[0m [90m 11 |[39m } [36mfrom[39m [32m"@/components/ui/alert-dialog"[39m
 [90m 12 |[39m [36mimport[39m { type [33mAssessment[39m[33m,[39m type 
[33mStudentSubmission[39m[33m,[39m type [33mQuestion[39m[33m,[39m type 
[33mDiscipline[39m[33m,[39m updateAssessment[33m,[39m deleteAssessment } 
[36mfrom[39m [32m"@/lib/store"[39m
[31m[1m>[22m[39m[90m 13 |[39m [36mimport[39m { printBlankAssessmentPDF[33m,[39m 
printAnswerKeyPDF } [36mfrom[39m [32m"@/lib/pdf"[39m
 [90m    |[39m [31m[1m^[22m[39m[31m[1m^[22m[39m[31m[1m^[22m[39m[31m[1m^[22m
[39m[31m[1m^[22m[39m[31m[1m^[22m[39m[31m[1m^[22m[39m[31m[1m^[22m[39m[31m[
1m^[22m[39m[31m[1m^[22m[39m[31m[1m^[22m[39m[31m[1m^[22m[39m[31m[1m^[22m[39
m[31m[1m^[22m[39m[31m[1m^[22m[39m[31m[1m^[22m[39m[31m[1m^[22m[39m[31m[1m^
[22m[39m[31m[1m^[22m[39m[31m[1m^[22m[39m[31m[1m^[22m[39m[31m[1m^[22m[39m[3
1m[1m^[22m[39m[31m[1m^[22m[39m[31m[1m^[22m[39m[31m[1m^[22m[39m[31m[1m^[22m
[39m[31m[1m^[22m[39m[31m[1m^[22m[39m[31m[1m^[22m[39m[31m[1m^[22m[39m[31m[
1m^[22m[39m[31m[1m^[22m[39m[31m[1m^[22m[39m[31m[1m^[22m[39m[31m[1m^[22m[39
m[31m[1m^[22m[39m[31m[1m^[22m[39m[31m[1m^[22m[39m[31m[1m^[22m[39m[31m[1m^
[22m[39m[31m[1m^[22m[39m[31m[1m^[22m[39m[31m[1m^[22m[39m[31m[1m^[22m[39m[3
1m[1m^[22m[39m[31m[1m^[22m[39m[31m[1m^[22m[39m[31m[1m^[22m[39m[31m[1m^[22m
[39m[31m[1m^[22m[39m[31m[1m^[22m[39m[31m[1m^[22m[39m[31m[1m^[22m[39m[31m[
1m^[22m[39m[31m[1m^[22m[39m[31m[1m^[22m[39m[31m[1m^[22m[39m[31m[1m^[22m[39
m[31m[1m^[22m[39m[31m[1m^[22m[39m[31m[1m^[22m[39m[31m[1m^[22m[39m[31m[1m^
[22m[39m[31m[1m^[22m[39m[31m[1m^[22m[39m[31m[1m^[22m[39m[31m[1m^[22m[39m[3
1m[1m^[22m[39m[31m[1m^[22m[39m
 [90m 14 |[39m [36mimport[39m { [33mErrorBoundary[39m } [36mfrom[39m 
[32m"@/components/error-boundary"[39m
 [90m 15 |[39m [36mimport[39m { [33mAssessmentBuilder[39m } [36mfrom[39m 
[32m"@/components/assessment-builder"[39m
 [90m 16 |[39m [36mimport[39m { cn } [36mfrom[39m [32m"@/lib/utils"[39m[0m

The export printBlankAssessmentPDF was not found in module [project]/lib/pdf.ts [app-ssr] 
(ecmascript).
Did you mean to import printReceiptPDF?
All exports of the module are statically known (It doesn't have dynamic exports). So it's 
known statically that the requested export doesn't exist.

Import traces:
  Client Component Browser:
    ./components/admin/tabs/AssessmentsTab.tsx [Client Component Browser]
    ./components/admin-dashboard.tsx [Client Component Browser]
    ./app/page.tsx [Client Component Browser]
    ./app/page.tsx [Server Component]

  Client Component SSR:
    ./components/admin/tabs/AssessmentsTab.tsx [Client Component SSR]
    ./components/admin-dashboard.tsx [Client Component SSR]
    ./app/page.tsx [Client Component SSR]
    ./app/page.tsx [Server Component]


./components/admin/tabs/OverviewTab.tsx:11:1
Export printOverviewPDF doesn't exist in target module
[0m [90m  9 |[39m [36mimport[39m { [33mSelect[39m[33m,[39m 
[33mSelectContent[39m[33m,[39m [33mSelectItem[39m[33m,[39m 
[33mSelectTrigger[39m[33m,[39m [33mSelectValue[39m } [36mfrom[39m 
[32m"@/components/ui/select"[39m
 [90m 10 |[39m [36mimport[39m { type [33mAssessment[39m[33m,[39m type 
[33mStudentSubmission[39m[33m,[39m type [33mQuestion[39m[33m,[39m type 
[33mDiscipline[39m } [36mfrom[39m [32m"@/lib/store"[39m
[31m[1m>[22m[39m[90m 11 |[39m [36mimport[39m { printOverviewPDF } [36mfrom[39m 
[32m"@/lib/pdf"[39m
 [90m    |[39m [31m[1m^[22m[39m[31m[1m^[22m[39m[31m[1m^[22m[39m[31m[1m^[22m
[39m[31m[1m^[22m[39m[31m[1m^[22m[39m[31m[1m^[22m[39m[31m[1m^[22m[39m[31m[
1m^[22m[39m[31m[1m^[22m[39m[31m[1m^[22m[39m[31m[1m^[22m[39m[31m[1m^[22m[39
m[31m[1m^[22m[39m[31m[1m^[22m[39m[31m[1m^[22m[39m[31m[1m^[22m[39m[31m[1m^
[22m[39m[31m[1m^[22m[39m[31m[1m^[22m[39m[31m[1m^[22m[39m[31m[1m^[22m[39m[3
1m[1m^[22m[39m[31m[1m^[22m[39m[31m[1m^[22m[39m[31m[1m^[22m[39m[31m[1m^[22m
[39m[31m[1m^[22m[39m[31m[1m^[22m[39m[31m[1m^[22m[39m[31m[1m^[22m[39m[31m[
1m^[22m[39m[31m[1m^[22m[39m[31m[1m^[22m[39m[31m[1m^[22m[39m[31m[1m^[22m[39
m[31m[1m^[22m[39m[31m[1m^[22m[39m[31m[1m^[22m[39m[31m[1m^[22m[39m[31m[1m^
[22m[39m[31m[1m^[22m[39m[31m[1m^[22m[39m[31m[1m^[22m[39m
 [90m 12 |[39m
 [90m 13 |[39m [36minterface[39m [33mProps[39m {
 [90m 14 |[39m   assessments[33m:[39m [33mAssessment[39m[][0m

The export printOverviewPDF was not found in module [project]/lib/pdf.ts [app-client] 
(ecmascript).
Did you mean to import printReceiptPDF?
All exports of the module are statically known (It doesn't have dynamic exports). So it's 
known statically that the requested export doesn't exist.

Import traces:
  Client Component Browser:
    ./components/admin/tabs/OverviewTab.tsx [Client Component Browser]
    ./components/admin-dashboard.tsx [Client Component Browser]
    ./app/page.tsx [Client Component Browser]
    ./app/page.tsx [Server Component]

  Client Component SSR:
    ./components/admin/tabs/OverviewTab.tsx [Client Component SSR]
    ./components/admin-dashboard.tsx [Client Component SSR]
    ./app/page.tsx [Client Component SSR]
    ./app/page.tsx [Server Component]


./components/admin/tabs/OverviewTab.tsx:11:1
Export printOverviewPDF doesn't exist in target module
[0m [90m  9 |[39m [36mimport[39m { [33mSelect[39m[33m,[39m 
[33mSelectContent[39m[33m,[39m [33mSelectItem[39m[33m,[39m 
[33mSelectTrigger[39m[33m,[39m [33mSelectValue[39m } [36mfrom[39m 
[32m"@/components/ui/select"[39m
 [90m 10 |[39m [36mimport[39m { type [33mAssessment[39m[33m,[39m type 
[33mStudentSubmission[39m[33m,[39m type [33mQuestion[39m[33m,[39m type 
[33mDiscipline[39m } [36mfrom[39m [32m"@/lib/store"[39m
[31m[1m>[22m[39m[90m 11 |[39m [36mimport[39m { printOverviewPDF } [36mfrom[39m 
[32m"@/lib/pdf"[39m
 [90m    |[39m [31m[1m^[22m[39m[31m[1m^[22m[39m[31m[1m^[22m[39m[31m[1m^[22m
[39m[31m[1m^[22m[39m[31m[1m^[22m[39m[31m[1m^[22m[39m[31m[1m^[22m[39m[31m[
1m^[22m[39m[31m[1m^[22m[39m[31m[1m^[22m[39m[31m[1m^[22m[39m[31m[1m^[22m[39
m[31m[1m^[22m[39m[31m[1m^[22m[39m[31m[1m^[22m[39m[31m[1m^[22m[39m[31m[1m^
[22m[39m[31m[1m^[22m[39m[31m[1m^[22m[39m[31m[1m^[22m[39m[31m[1m^[22m[39m[3
1m[1m^[22m[39m[31m[1m^[22m[39m[31m[1m^[22m[39m[31m[1m^[22m[39m[31m[1m^[22m
[39m[31m[1m^[22m[39m[31m[1m^[22m[39m[31m[1m^[22m[39m[31m[1m^[22m[39m[31m[
1m^[22m[39m[31m[1m^[22m[39m[31m[1m^[22m[39m[31m[1m^[22m[39m[31m[1m^[22m[39
m[31m[1m^[22m[39m[31m[1m^[22m[39m[31m[1m^[22m[39m[31m[1m^[22m[39m[31m[1m^
[22m[39m[31m[1m^[22m[39m[31m[1m^[22m[39m[31m[1m^[22m[39m
 [90m 12 |[39m
 [90m 13 |[39m [36minterface[39m [33mProps[39m {
 [90m 14 |[39m   assessments[33m:[39m [33mAssessment[39m[][0m

The export printOverviewPDF was not found in module [project]/lib/pdf.ts [app-ssr] 
(ecmascript).
Did you mean to import printReceiptPDF?
All exports of the module are statically known (It doesn't have dynamic exports). So it's 
known statically that the requested export doesn't exist.

Import traces:
  Client Component Browser:
    ./components/admin/tabs/OverviewTab.tsx [Client Component Browser]
    ./components/admin-dashboard.tsx [Client Component Browser]
    ./app/page.tsx [Client Component Browser]
    ./app/page.tsx [Server Component]

  Client Component SSR:
    ./components/admin/tabs/OverviewTab.tsx [Client Component SSR]
    ./components/admin-dashboard.tsx [Client Component SSR]
    ./app/page.tsx [Client Component SSR]
    ./app/page.tsx [Server Component]


./components/professor-manager.tsx:24:1
Export printProfessorsPDF doesn't exist in target module
[0m [90m 22 |[39m } [36mfrom[39m [32m"@/components/ui/dialog"[39m
 [90m 23 |[39m [36mimport[39m { [33mBookOpen[39m[33m,[39m 
[33mLink2[39m[33m,[39m [33mUnlink[39m } [36mfrom[39m [32m"lucide-react"[39m
[31m[1m>[22m[39m[90m 24 |[39m [36mimport[39m { printProfessorsPDF } [36mfrom[39m 
[32m"@/lib/pdf"[39m
 [90m    |[39m [31m[1m^[22m[39m[31m[1m^[22m[39m[31m[1m^[22m[39m[31m[1m^[22m
[39m[31m[1m^[22m[39m[31m[1m^[22m[39m[31m[1m^[22m[39m[31m[1m^[22m[39m[31m[
1m^[22m[39m[31m[1m^[22m[39m[31m[1m^[22m[39m[31m[1m^[22m[39m[31m[1m^[22m[39
m[31m[1m^[22m[39m[31m[1m^[22m[39m[31m[1m^[22m[39m[31m[1m^[22m[39m[31m[1m^
[22m[39m[31m[1m^[22m[39m[31m[1m^[22m[39m[31m[1m^[22m[39m[31m[1m^[22m[39m[3
1m[1m^[22m[39m[31m[1m^[22m[39m[31m[1m^[22m[39m[31m[1m^[22m[39m[31m[1m^[22m
[39m[31m[1m^[22m[39m[31m[1m^[22m[39m[31m[1m^[22m[39m[31m[1m^[22m[39m[31m[
1m^[22m[39m[31m[1m^[22m[39m[31m[1m^[22m[39m[31m[1m^[22m[39m[31m[1m^[22m[39
m[31m[1m^[22m[39m[31m[1m^[22m[39m[31m[1m^[22m[39m[31m[1m^[22m[39m[31m[1m^
[22m[39m[31m[1m^[22m[39m[31m[1m^[22m[39m[31m[1m^[22m[39m[31m[1m^[22m[39m[3
1m[1m^[22m[39m
 [90m 25 |[39m
 [90m 26 |[39m [90m// ÔöÇÔöÇÔöÇ Form ÔöÇÔöÇÔöÇÔöÇÔöÇÔöÇÔöÇÔöÇÔöÇÔöÇÔöÇÔöÇÔöÇÔöÇÔöÇÔöÇÔöÇÔ
öÇÔöÇÔöÇÔöÇÔöÇÔöÇÔöÇÔöÇÔöÇÔöÇÔöÇÔöÇÔöÇÔöÇÔöÇÔöÇÔöÇÔöÇÔöÇÔöÇÔöÇÔöÇÔöÇÔöÇÔöÇÔöÇÔöÇÔöÇÔöÇÔöÇÔöÇ
ÔöÇÔöÇÔöÇÔöÇÔöÇÔöÇÔöÇÔöÇÔöÇÔöÇÔöÇÔöÇÔöÇÔöÇÔöÇÔöÇÔöÇÔöÇÔöÇÔöÇÔöÇ[39m
 [90m 27 |[39m[0m

The export printProfessorsPDF was not found in module [project]/lib/pdf.ts [app-client] 
(ecmascript).
Did you mean to import printGradesReportPDF?
All exports of the module are statically known (It doesn't have dynamic exports). So it's 
known statically that the requested export doesn't exist.

Import traces:
  Client Component Browser:
    ./components/professor-manager.tsx [Client Component Browser]
    ./components/admin-dashboard.tsx [Client Component Browser]
    ./app/page.tsx [Client Component Browser]
    ./app/page.tsx [Server Component]

  Client Component SSR:
    ./components/professor-manager.tsx [Client Component SSR]
    ./components/admin-dashboard.tsx [Client Component SSR]
    ./app/page.tsx [Client Component SSR]
    ./app/page.tsx [Server Component]


./components/professor-manager.tsx:24:1
Export printProfessorsPDF doesn't exist in target module
[0m [90m 22 |[39m } [36mfrom[39m [32m"@/components/ui/dialog"[39m
 [90m 23 |[39m [36mimport[39m { [33mBookOpen[39m[33m,[39m 
[33mLink2[39m[33m,[39m [33mUnlink[39m } [36mfrom[39m [32m"lucide-react"[39m
[31m[1m>[22m[39m[90m 24 |[39m [36mimport[39m { printProfessorsPDF } [36mfrom[39m 
[32m"@/lib/pdf"[39m
 [90m    |[39m [31m[1m^[22m[39m[31m[1m^[22m[39m[31m[1m^[22m[39m[31m[1m^[22m
[39m[31m[1m^[22m[39m[31m[1m^[22m[39m[31m[1m^[22m[39m[31m[1m^[22m[39m[31m[
1m^[22m[39m[31m[1m^[22m[39m[31m[1m^[22m[39m[31m[1m^[22m[39m[31m[1m^[22m[39
m[31m[1m^[22m[39m[31m[1m^[22m[39m[31m[1m^[22m[39m[31m[1m^[22m[39m[31m[1m^
[22m[39m[31m[1m^[22m[39m[31m[1m^[22m[39m[31m[1m^[22m[39m[31m[1m^[22m[39m[3
1m[1m^[22m[39m[31m[1m^[22m[39m[31m[1m^[22m[39m[31m[1m^[22m[39m[31m[1m^[22m
[39m[31m[1m^[22m[39m[31m[1m^[22m[39m[31m[1m^[22m[39m[31m[1m^[22m[39m[31m[
1m^[22m[39m[31m[1m^[22m[39m[31m[1m^[22m[39m[31m[1m^[22m[39m[31m[1m^[22m[39
m[31m[1m^[22m[39m[31m[1m^[22m[39m[31m[1m^[22m[39m[31m[1m^[22m[39m[31m[1m^
[22m[39m[31m[1m^[22m[39m[31m[1m^[22m[39m[31m[1m^[22m[39m[31m[1m^[22m[39m[3
1m[1m^[22m[39m
 [90m 25 |[39m
 [90m 26 |[39m [90m// ÔöÇÔöÇÔöÇ Form ÔöÇÔöÇÔöÇÔöÇÔöÇÔöÇÔöÇÔöÇÔöÇÔöÇÔöÇÔöÇÔöÇÔöÇÔöÇÔöÇÔöÇÔ
öÇÔöÇÔöÇÔöÇÔöÇÔöÇÔöÇÔöÇÔöÇÔöÇÔöÇÔöÇÔöÇÔöÇÔöÇÔöÇÔöÇÔöÇÔöÇÔöÇÔöÇÔöÇÔöÇÔöÇÔöÇÔöÇÔöÇÔöÇÔöÇÔöÇÔöÇ
ÔöÇÔöÇÔöÇÔöÇÔöÇÔöÇÔöÇÔöÇÔöÇÔöÇÔöÇÔöÇÔöÇÔöÇÔöÇÔöÇÔöÇÔöÇÔöÇÔöÇÔöÇ[39m
 [90m 27 |[39m[0m

The export printProfessorsPDF was not found in module [project]/lib/pdf.ts [app-ssr] 
(ecmascript).
Did you mean to import printGradesReportPDF?
All exports of the module are statically known (It doesn't have dynamic exports). So it's 
known statically that the requested export doesn't exist.

Import traces:
  Client Component Browser:
    ./components/professor-manager.tsx [Client Component Browser]
    ./components/admin-dashboard.tsx [Client Component Browser]
    ./app/page.tsx [Client Component Browser]
    ./app/page.tsx [Server Component]

  Client Component SSR:
    ./components/professor-manager.tsx [Client Component SSR]
    ./components/admin-dashboard.tsx [Client Component SSR]
    ./app/page.tsx [Client Component SSR]
    ./app/page.tsx [Server Component]


./components/admin/tabs/SubmissionsTab.tsx:12:1
Export printStudentPDF doesn't exist in target module
[0m [90m 10 |[39m } [36mfrom[39m [32m"@/components/ui/alert-dialog"[39m
 [90m 11 |[39m [36mimport[39m { type [33mAssessment[39m[33m,[39m type 
[33mStudentSubmission[39m[33m,[39m type [33mQuestion[39m[33m,[39m 
deleteSubmission[33m,[39m updateSubmissionScore } [36mfrom[39m [32m"@/lib/store"[39m
[31m[1m>[22m[39m[90m 12 |[39m [36mimport[39m { printStudentPDF } [36mfrom[39m 
[32m"@/lib/pdf"[39m
 [90m    |[39m [31m[1m^[22m[39m[31m[1m^[22m[39m[31m[1m^[22m[39m[31m[1m^[22m
[39m[31m[1m^[22m[39m[31m[1m^[22m[39m[31m[1m^[22m[39m[31m[1m^[22m[39m[31m[
1m^[22m[39m[31m[1m^[22m[39m[31m[1m^[22m[39m[31m[1m^[22m[39m[31m[1m^[22m[39
m[31m[1m^[22m[39m[31m[1m^[22m[39m[31m[1m^[22m[39m[31m[1m^[22m[39m[31m[1m^
[22m[39m[31m[1m^[22m[39m[31m[1m^[22m[39m[31m[1m^[22m[39m[31m[1m^[22m[39m[3
1m[1m^[22m[39m[31m[1m^[22m[39m[31m[1m^[22m[39m[31m[1m^[22m[39m[31m[1m^[22m
[39m[31m[1m^[22m[39m[31m[1m^[22m[39m[31m[1m^[22m[39m[31m[1m^[22m[39m[31m[
1m^[22m[39m[31m[1m^[22m[39m[31m[1m^[22m[39m[31m[1m^[22m[39m[31m[1m^[22m[39
m[31m[1m^[22m[39m[31m[1m^[22m[39m[31m[1m^[22m[39m[31m[1m^[22m[39m[31m[1m^
[22m[39m[31m[1m^[22m[39m[31m[1m^[22m[39m
 [90m 13 |[39m [36mimport[39m { formatDate[33m,[39m formatTime } [36mfrom[39m 
[32m"../admin-utils"[39m
 [90m 14 |[39m [36mimport[39m { cn } [36mfrom[39m [32m"@/lib/utils"[39m
 [90m 15 |[39m[0m

The export printStudentPDF was not found in module [project]/lib/pdf.ts [app-client] 
(ecmascript).
Did you mean to import printStudentListPDF?
All exports of the module are statically known (It doesn't have dynamic exports). So it's 
known statically that the requested export doesn't exist.

Import traces:
  Client Component Browser:
    ./components/admin/tabs/SubmissionsTab.tsx [Client Component Browser]
    ./components/admin-dashboard.tsx [Client Component Browser]
    ./app/page.tsx [Client Component Browser]
    ./app/page.tsx [Server Component]

  Client Component SSR:
    ./components/admin/tabs/SubmissionsTab.tsx [Client Component SSR]
    ./components/admin-dashboard.tsx [Client Component SSR]
    ./app/page.tsx [Client Component SSR]
    ./app/page.tsx [Server Component]


./components/admin/tabs/SubmissionsTab.tsx:12:1
Export printStudentPDF doesn't exist in target module
[0m [90m 10 |[39m } [36mfrom[39m [32m"@/components/ui/alert-dialog"[39m
 [90m 11 |[39m [36mimport[39m { type [33mAssessment[39m[33m,[39m type 
[33mStudentSubmission[39m[33m,[39m type [33mQuestion[39m[33m,[39m 
deleteSubmission[33m,[39m updateSubmissionScore } [36mfrom[39m [32m"@/lib/store"[39m
[31m[1m>[22m[39m[90m 12 |[39m [36mimport[39m { printStudentPDF } [36mfrom[39m 
[32m"@/lib/pdf"[39m
 [90m    |[39m [31m[1m^[22m[39m[31m[1m^[22m[39m[31m[1m^[22m[39m[31m[1m^[22m
[39m[31m[1m^[22m[39m[31m[1m^[22m[39m[31m[1m^[22m[39m[31m[1m^[22m[39m[31m[
1m^[22m[39m[31m[1m^[22m[39m[31m[1m^[22m[39m[31m[1m^[22m[39m[31m[1m^[22m[39
m[31m[1m^[22m[39m[31m[1m^[22m[39m[31m[1m^[22m[39m[31m[1m^[22m[39m[31m[1m^
[22m[39m[31m[1m^[22m[39m[31m[1m^[22m[39m[31m[1m^[22m[39m[31m[1m^[22m[39m[3
1m[1m^[22m[39m[31m[1m^[22m[39m[31m[1m^[22m[39m[31m[1m^[22m[39m[31m[1m^[22m
[39m[31m[1m^[22m[39m[31m[1m^[22m[39m[31m[1m^[22m[39m[31m[1m^[22m[39m[31m[
1m^[22m[39m[31m[1m^[22m[39m[31m[1m^[22m[39m[31m[1m^[22m[39m[31m[1m^[22m[39
m[31m[1m^[22m[39m[31m[1m^[22m[39m[31m[1m^[22m[39m[31m[1m^[22m[39m[31m[1m^
[22m[39m[31m[1m^[22m[39m[31m[1m^[22m[39m
 [90m 13 |[39m [36mimport[39m { formatDate[33m,[39m formatTime } [36mfrom[39m 
[32m"../admin-utils"[39m
 [90m 14 |[39m [36mimport[39m { cn } [36mfrom[39m [32m"@/lib/utils"[39m
 [90m 15 |[39m[0m

The export printStudentPDF was not found in module [project]/lib/pdf.ts [app-ssr] 
(ecmascript).
Did you mean to import printStudentListPDF?
All exports of the module are statically known (It doesn't have dynamic exports). So it's 
known statically that the requested export doesn't exist.

Import traces:
  Client Component Browser:
    ./components/admin/tabs/SubmissionsTab.tsx [Client Component Browser]
    ./components/admin-dashboard.tsx [Client Component Browser]
    ./app/page.tsx [Client Component Browser]
    ./app/page.tsx [Server Component]

  Client Component SSR:
    ./components/admin/tabs/SubmissionsTab.tsx [Client Component SSR]
    ./components/admin-dashboard.tsx [Client Component SSR]
    ./app/page.tsx [Client Component SSR]
    ./app/page.tsx [Server Component]


./components/assessment-result.tsx:10:1
Export printStudentPDF doesn't exist in target module
[0m [90m  8 |[39m   type [33mStudentSubmission[39m[33m,[39m type 
[33mAssessment[39m[33m,[39m type [33mQuestion[39m[33m,[39m type 
[33mDiscipline[39m[33m,[39m
 [90m  9 |[39m } [36mfrom[39m [32m"@/lib/store"[39m
[31m[1m>[22m[39m[90m 10 |[39m [36mimport[39m { printStudentPDF } [36mfrom[39m 
[32m"@/lib/pdf"[39m
 [90m    |[39m [31m[1m^[22m[39m[31m[1m^[22m[39m[31m[1m^[22m[39m[31m[1m^[22m
[39m[31m[1m^[22m[39m[31m[1m^[22m[39m[31m[1m^[22m[39m[31m[1m^[22m[39m[31m[
1m^[22m[39m[31m[1m^[22m[39m[31m[1m^[22m[39m[31m[1m^[22m[39m[31m[1m^[22m[39
m[31m[1m^[22m[39m[31m[1m^[22m[39m[31m[1m^[22m[39m[31m[1m^[22m[39m[31m[1m^
[22m[39m[31m[1m^[22m[39m[31m[1m^[22m[39m[31m[1m^[22m[39m[31m[1m^[22m[39m[3
1m[1m^[22m[39m[31m[1m^[22m[39m[31m[1m^[22m[39m[31m[1m^[22m[39m[31m[1m^[22m
[39m[31m[1m^[22m[39m[31m[1m^[22m[39m[31m[1m^[22m[39m[31m[1m^[22m[39m[31m[
1m^[22m[39m[31m[1m^[22m[39m[31m[1m^[22m[39m[31m[1m^[22m[39m[31m[1m^[22m[39
m[31m[1m^[22m[39m[31m[1m^[22m[39m[31m[1m^[22m[39m[31m[1m^[22m[39m[31m[1m^
[22m[39m[31m[1m^[22m[39m[31m[1m^[22m[39m
 [90m 11 |[39m [36mimport[39m { cn } [36mfrom[39m [32m"@/lib/utils"[39m
 [90m 12 |[39m
 [90m 13 |[39m [36minterface[39m [33mProps[39m {[0m

The export printStudentPDF was not found in module [project]/lib/pdf.ts [app-client] 
(ecmascript).
Did you mean to import printStudentListPDF?
All exports of the module are statically known (It doesn't have dynamic exports). So it's 
known statically that the requested export doesn't exist.

Import traces:
  Client Component Browser:
    ./components/assessment-result.tsx [Client Component Browser]
    ./app/page.tsx [Client Component Browser]
    ./app/page.tsx [Server Component]

  Client Component SSR:
    ./components/assessment-result.tsx [Client Component SSR]
    ./app/page.tsx [Client Component SSR]
    ./app/page.tsx [Server Component]


./components/assessment-result.tsx:10:1
Export printStudentPDF doesn't exist in target module
[0m [90m  8 |[39m   type [33mStudentSubmission[39m[33m,[39m type 
[33mAssessment[39m[33m,[39m type [33mQuestion[39m[33m,[39m type 
[33mDiscipline[39m[33m,[39m
 [90m  9 |[39m } [36mfrom[39m [32m"@/lib/store"[39m
[31m[1m>[22m[39m[90m 10 |[39m [36mimport[39m { printStudentPDF } [36mfrom[39m 
[32m"@/lib/pdf"[39m
 [90m    |[39m [31m[1m^[22m[39m[31m[1m^[22m[39m[31m[1m^[22m[39m[31m[1m^[22m
[39m[31m[1m^[22m[39m[31m[1m^[22m[39m[31m[1m^[22m[39m[31m[1m^[22m[39m[31m[
1m^[22m[39m[31m[1m^[22m[39m[31m[1m^[22m[39m[31m[1m^[22m[39m[31m[1m^[22m[39
m[31m[1m^[22m[39m[31m[1m^[22m[39m[31m[1m^[22m[39m[31m[1m^[22m[39m[31m[1m^
[22m[39m[31m[1m^[22m[39m[31m[1m^[22m[39m[31m[1m^[22m[39m[31m[1m^[22m[39m[3
1m[1m^[22m[39m[31m[1m^[22m[39m[31m[1m^[22m[39m[31m[1m^[22m[39m[31m[1m^[22m
[39m[31m[1m^[22m[39m[31m[1m^[22m[39m[31m[1m^[22m[39m[31m[1m^[22m[39m[31m[
1m^[22m[39m[31m[1m^[22m[39m[31m[1m^[22m[39m[31m[1m^[22m[39m[31m[1m^[22m[39
m[31m[1m^[22m[39m[31m[1m^[22m[39m[31m[1m^[22m[39m[31m[1m^[22m[39m[31m[1m^
[22m[39m[31m[1m^[22m[39m[31m[1m^[22m[39m
 [90m 11 |[39m [36mimport[39m { cn } [36mfrom[39m [32m"@/lib/utils"[39m
 [90m 12 |[39m
 [90m 13 |[39m [36minterface[39m [33mProps[39m {[0m

The export printStudentPDF was not found in module [project]/lib/pdf.ts [app-ssr] 
(ecmascript).
Did you mean to import printStudentListPDF?
All exports of the module are statically known (It doesn't have dynamic exports). So it's 
known statically that the requested export doesn't exist.

Import traces:
  Client Component Browser:
    ./components/assessment-result.tsx [Client Component Browser]
    ./app/page.tsx [Client Component Browser]
    ./app/page.tsx [Server Component]

  Client Component SSR:
    ./components/assessment-result.tsx [Client Component SSR]
    ./app/page.tsx [Client Component SSR]
    ./app/page.tsx [Server Component]


    at <unknown> (./components/admin/tabs/AssessmentsTab.tsx:13:1)
    ... collapsed 3 duplicate lines matching above 1 lines 3 times...
    at <unknown> (./components/admin/tabs/OverviewTab.tsx:11:1)
    at <unknown> (./components/admin/tabs/OverviewTab.tsx:11:1)
    at <unknown> (./components/professor-manager.tsx:24:1)
    at <unknown> (./components/professor-manager.tsx:24:1)
    at <unknown> (./components/admin/tabs/SubmissionsTab.tsx:12:1)
    at <unknown> (./components/admin/tabs/SubmissionsTab.tsx:12:1)
    at <unknown> (./components/assessment-result.tsx:10:1)
    at <unknown> (./components/assessment-result.tsx:10:1)
